// Bun Snapshot v1, https://bun.sh/docs/test/snapshots

exports[`returns agent 'Communes’ -> ComCom, ComAgglo, Métropole response 1`] = `
"Bonjour,

Nous avons bien reçu votre demande de rattachement à l&#39;organisation « 🦄 » sur ProConnect.

Votre adresse mail de commune 🦒 ne vous permet pas de rattacher votre compte ProConnect à « 🦄 ».
Nous vous invitons à créer à nouveau votre compte utilisateur, en le rattachant à la commune dans laquelle vous exercez.
Si vous souhaitez rattacher votre compte à la « 🦄 », merci de créer à nouveau votre compte utilisateur avec une adresse mail dont le nom de domaine appartient à la « 🦄 ».

Bien cordialement,
L’équipe ProConnect.
"
`;
