// Bun Snapshot v1, https://bun.sh/docs/test/snapshots

exports[`returns agent “ComCom, ComAgglo, Métropole” —> Communes response 1`] = `
"Bonjour,

Nous avons bien reçu votre demande de rattachement à l&#39;organisation « 🦄 » sur ProConnect (anciennement : AgentConnect, MonComptePro).

Votre adresse e-mail de commune NOM DE DOMAINE DE LA COMMUNE COMCOM ne vous permet pas de rattacher votre compte ProConnect à 🦄.

Nous vous invitons à créer à nouveau votre compte utilisateur, en le rattachant à la communauté de communes dans laquelle vous exercez et correspondant au nom de domaine de votre adresse e-mail.

Si vous souhaitez rejoindre NOM DE LA COMMUNE, merci de créer à nouveau votre compte utilisateur avec une adresse e-mail dont le nom de domaine appartient à NOM DE LA COMMUNE.

Merci de votre compréhension,

Bien cordialement,
L’équipe ProConnect.
"
`;
