// Bun Snapshot v1, https://bun.sh/docs/test/snapshots

exports[`returns association with staff but no domain name 1`] = `
"Bonjour,

Nous avons bien reçu votre demande de rattachement à l&#39;organisation « 🦄 » sur ProConnect (anciennement : AgentConnect, MonComptePro).

Vous indiquez être le dirigeant/ président de l’association « 🦄 ».
Or, après consultation de la Déclaration de la liste des personnes chargées de l&#39;administration de l&#39;association, nous constatons que votre nom n&#39;y figure pas.
Afin de donner suite à cette demande, pourriez-vous nous transmettre un justificatif permettant d’attester votre position de dirigeant/ président de l’association ?

Dans l&#39;attente de votre retour,
Bien cordialement
L’équipe ProConnect.
"
`;
