// Bun Snapshot v1, https://bun.sh/docs/test/snapshots

exports[`returns domain name not found 1`] = `
"Bonjour,

Nous avons bien reçu votre demande de rattachement à l&#39;organisation « 🦄 » sur ProConnect (anciennement : AgentConnect, MonComptePro).

Nous n&#39;avons pas été en mesure de vérifier le nom de domaine de votre adresse mail, afin de le faire correspondre à l&#39;organisation « 🦄 »

Merci de nous faire parvenir un justificatif prouvant votre rattachement à cette organisation, avec vos prénom, nom et adresse mail, signé par le(s) dirigeant(s) de l&#39;organisation.

Nous vous rappelons que vous ne pouvez pas rattacher votre compte ProConnect à une organisation dont vous êtes prestataire ou mandaté.

Bien cordialement,
L’équipe ProConnect.
"
`;
