// Bun Snapshot v1, https://bun.sh/docs/test/snapshots

exports[`returns domain @🦒 not valid 1`] = `
"Bonjour,

Nous avons bien reçu votre demande de rattachement à l&#39;organisation « 🦄 » sur ProConnect.

Votre adresse mail d’enseignement agricole : « 🦒 » ne vous permet pas de rattacher votre compte utilisateur ProConnect au « 🦄 ».
En tant qu&#39;enseignant, merci de bien vouloir renouveler votre inscription en rattachant votre compte à l&#39;Établissement Public Local d&#39;Enseignement et de Formation Professionnelle Agricoles (EPLEFPA) dans lequel vous exercez.

Bien cordialement,
L’équipe ProConnect.
"
`;
