// Bun Snapshot v1, https://bun.sh/docs/test/snapshots

exports[`returns link with organization email 1`] = `
"Bonjour,

Nous avons bien reçu votre demande de rattachement à l&#39;organisation « 🦄 » sur ProConnect (anciennement : AgentConnect, MonComptePro).

Le nom de domaine de votre adresse e-mail : « 💌 » ne nous permet pas d’établir un lien entre vous et l’organisation « 🦄 ».
Afin de donner suite à votre demande, pourriez-vous nous préciser le lien que vous avez cette organisation ?

Bien cordialement,
L’équipe ProConnect.
"
`;
