// Bun Snapshot v1, https://bun.sh/docs/test/snapshots

exports[`returns error on 🦄 organization (min armée) email 1`] = `
"Bonjour,

Nous avons bien reçu votre demande de rattachement à l&#39;organisation « 🦄 » sur ProConnect (anciennement : AgentConnect, MonComptePro).

Pour information, vous semblez faire erreur sur l&#39;organisation à laquelle vous souhaitez rattacher votre compte utilisateur ProConnect.
En effet, l&#39;organisation que vous avez choisie correspondant au SIRET « 🌸 », est une Association.
Pour information, les numéros SIREN/SIRET des organisations publiques commencent obligatoirement par le chiffre 1 ou le chiffre 2 (source : définition de l&#39;INSEE du Numéro SIREN).
Selon nos recherches, la DIRECTION GÉNÉRALE DE L&#39;ARMEMENT (DGA) n&#39;apparaît pas dans le répertoire SIRENE, soit parce qu&#39;elle n&#39;est pas inscrite, soit parce qu&#39;elle a choisi de ne pas diffuser ses informations en raison de la nature sensible de ses activités.

Dans ce contexte, veuillez créer votre compte à nouveau en le rattachant au MINISTERE DES ARMEES : https://annuaire-entreprises.data.gouv.fr/entreprise/ministere-des-armees-110090016.

Bien cordialement,
L’équipe ProConnect.
"
`;
