// Bun Snapshot v1, https://bun.sh/docs/test/snapshots

exports[`returns missing name message 1`] = `
"Bonjour,

Nous avons bien reçu votre demande de rattachement à l&#39;organisation « 🦄 » sur ProConnect (anciennement : AgentConnect, MonComptePro).

Les comptes utilisateurs ProConnect doivent être associés à une personne physique.
Afin de donner suite à votre demande, merci de renseigner correctement votre nom et votre prénom.

Pour se faire :

- Accédez à votre compte ProConnect en cliquant sur le lien suivant : https://identite.proconnect.gouv.fr/users/personal-information,
- Authentifiez-vous si cela vous est demandé par l&#39;interface,
- Corrigez votre prénom et votre nom,
- Sélectionnez votre organisation (numéro SIRET : 🖖) pour que notre équipe puisse valider à nouveau la création de votre compte.

Merci pour votre correction.
Bien cordialement,
L’équipe ProConnect.
"
`;
