// Bun Snapshot v1, https://bun.sh/docs/test/snapshots

exports[`returns more precise existing establishement - cnrs message 1`] = `
"Bonjour,

Nous avons bien reçu votre demande de rattachement à l&#39;organisation « 🦄 » sur ProConnect (anciennement : AgentConnect, MonComptePro).

Afin de donner suite à votre demande, merci de créer votre compte utilisateur ProConnect à nouveau, en le rattachant à l&#39;organisation correspondant au nom de domaine de votre adresse e-mail « 🧿 » :
LIBELLÉ DE L’ORGANISATION
SIRET ORGANISATION

Bien cordialement,
L’équipe ProConnect.
"
`;
