// Bun Snapshot v1, https://bun.sh/docs/test/snapshots

exports[`returns missing name message 1`] = `
"Bonjour,

Nous avons bien reçu votre demande de rattachement à l&#39;organisation « 🦄 » sur ProConnect (anciennement : AgentConnect, MonComptePro).

Votre adresse e-mail académique : « 🐶@🐱.🐶 » ne vous permet pas de rattacher votre compte utilisateur MonComptePro au Ministère de l’Éducation Nationale et de la Jeunesse.

En fonction de votre profession et de votre périmètre d’intervention, merci de bien vouloir créer votre compte à nouveau en le rattachant à l’une des organisations suivantes :

- L’établissement scolaire dans lequel vous exercez,
- La Direction des services départementaux de l&#39;Éducation nationale de laquelle vous dépendez,
- Le rectorat de votre Académie.

Bien cordialement,
L’équipe ProConnect.
"
`;
