// Bun Snapshot v1, https://goo.gl/fbAQLP

exports[`returns missing name message 1`] = `
"Bonjour,

Nous avons bien reçu votre demande de rattachement à l&#39;organisation « 🦄 » sur ProConnect (anciennement : AgentConnect, MonComptePro).

Afin que votre demande puisse être validée, merci de renseigner correctement votre profession sur le champ « Profession ou rôle au sein de votre organisation ».
Votre profession ne peut pas être le nom de votre organisation ou le nom d’un service de votre organisation.

Pour se faire :

- Accédez à votre compte ProConnect en cliquant sur le lien suivant : https://identite.proconnect.gouv.fr/users/personal-information,
- Authentifiez-vous si cela vous est demandé par l&#39;interface,
- Corrigez votre profession,
- Sélectionnez votre organisation (numéro SIRET : 🖖) pour que notre équipe puisse valider à nouveau la création de votre compte.

Merci pour votre correction.
Bien cordialement,
L’équipe ProConnect.
"
`;
