// Bun Snapshot v1, https://bun.sh/docs/test/snapshots

exports[`returns presta E-mail Employing organisation or beta.gouv - Public administration response 1`] = `
"Bonjour, 

Nous avons bien reçu votre demande de rattachement à l&#39;organisation « 🦄 » sur ProConnect (anciennement : AgentConnect, MonComptePro).

Votre adresse e-mail associée au nom de domaine « 🍄 » vous permet de rattacher votre compte utilisateur ProConnect exclusivement à la DINUM.
Si vous travaillez pour l&#39;organisation « 🦄 », demandez-lui de vous attribuer une adresse e-mail spécifique pour les prestataires. Vous pourrez ainsi l&#39;utiliser dans le cadre de votre mission.
Autrement, si cela est possible, veuillez accéder au service souhaité sans passer par ProConnect.

Bien cordialement,
L’équipe ProConnect.
"
`;
