// Bun Snapshot v1, https://bun.sh/docs/test/snapshots

exports[`returns presta e-mail Public administration - Employing organisation message 1`] = `
"Bonjour,

Nous avons bien reçu votre demande de rattachement à l&#39;organisation « 🦄 » sur ProConnect (anciennement : AgentConnect, MonComptePro).

Si vous créez votre compte utilisateur ProConnect pour accéder à des services de l&#39;État, proposant le bouton d&#39;authentification « S&#39;identifier avec ProConnect », veuillez renouveler la création de votre compte utilisateur en le rattachant à l&#39;organisation que vous représentez avec votre adresse e-mail en « 🏩 ».
Pour précision, vous n&#39;êtes pas autorisé à rattacher un compte utilisateur associé à votre adresse e-mail de prestataire d&#39;une administration publique, à l&#39;organisation privée qui vous emploie.

Bien cordialement,
L’équipe ProConnect.
"
`;
