// Bun Snapshot v1, https://bun.sh/docs/test/snapshots

exports[`returns use the neptune identity provider email 1`] = `
"Bonjour,

Nous avons bien reçu votre demande de rattachement à l&#39;organisation « 🦄 » sur ProConnect.

Pour des raisons de sécurité, il ne vous est pas possible de créer directement un compte sur ProConnect.
Vous devez impérativement passer par le Portail d&#39;authentification de France Travail « Neptune » pour vous connecter.
Pour accéder à votre Portail via ProConnect, voici les étapes à suivre pour garantir une connexion réussie :

- Cliquez sur le bouton « S’identifier avec ProConnect ».
- Saisissez attentivement votre adresse mail dans le champ prévu.
- Assurez-vous de ne pas faire d’erreur dans la saisie, car cette adresse est utilisée pour vous diriger automatiquement vers votre Portail d&#39;authentification.

Si votre adresse mail est correctement saisie, vous serez redirigé(e) vers Portail d&#39;authentification de France Travail « Neptune » pour finaliser votre connexion.

Bien cordialement,
L’équipe ProConnect.
"
`;
