// Bun Snapshot v1, https://bun.sh/docs/test/snapshots

exports[`returns student - host organisation (work placement, sandwich course, etc.) 1`] = `
"Bonjour,

Nous avons bien reçu votre demande de rattachement à l&#39;organisation « 🦄 » sur ProConnect (anciennement : AgentConnect, MonComptePro).

Nous ne pouvons donner suite à votre demande, car les étudiants ne sont pas autorisés à utiliser ProConnect en se rattachant à leur organisation d&#39;accueil.
Veuillez accéder au service souhaité sans passer par ProConnect.

Bien cordialement,
L’équipe ProConnect.
"
`;
