// Bun Snapshot v1, https://bun.sh/docs/test/snapshots

exports[`returns invalid teacher email message 1`] = `
"Bonjour,

Votre demande pour rejoindre l’organisation « 🦄 » a été prise en compte sur https://identite.proconnect.gouv.fr.

Votre adresse e-mail académique : « 💌 » ne vous permet pas de rattacher votre compte utilisateur MonComptePro au Ministère de l’Éducation Nationale et de la Jeunesse.

En tant qu’enseignant, merci de bien vouloir créer votre compte à nouveau en le rattachant à l’une des organisations suivantes :

- L’établissement scolaire dans lequel vous exercez,
- Le rectorat de votre Académie.

Bien cordialement,
L’équipe ProConnect.
"
`;
