// Bun Snapshot v1, https://bun.sh/docs/test/snapshots

exports[`returns university email agent - cnrs 1`] = `
"Bonjour,

Nous avons bien reçu votre demande de rattachement à l&#39;organisation « 🦄 » sur ProConnect (anciennement : AgentConnect, MonComptePro).

Votre adresse e-mail universitaire : « 🧿 » ne vous permet pas de rattacher votre compte utilisateur au CNRS - Cnrs moy1601 presidence.
Nous vous invitons à créer à nouveau votre compte utilisateur ProConnect, en le rattachant à l&#39;établissement ou à l’université correspondante à votre adresse e-mail.

Bien cordialement,
L’équipe ProConnect.
"
`;
