// Bun Snapshot v1, https://bun.sh/docs/test/snapshots

exports[`render header section 1`] = `
"<header>
  <div class="float-right text-xs">
    Créé le
    <time
      datetime="2023-01-01T00:00:00.000Z"
      title="Sun Jan 01 2023 01:00:00 GMT+0100 (Central European Standard Time)"
      >01/01/2023 01:00:00
    </time>
  </div>
  <section class="flex items-baseline space-x-5">
    <h1 class="fr-h2">🕵️ Adora Pony</h1>
    <div><p class="fr-badge fr-badge--new">A traiter</p></div>
  </section>
  <div class="fr-notice fr-notice--info">
    <div class="fr-container">
      <div class="fr-notice__body">
        <div class="fr-notice__title">
          <p class="mb-0">
            <b>Adora Pony</b>
            <span class="text-gray-600">veut rejoindre l&#39;organisation</span>
            « <b>🦄 libelle</b> »
            <span class="text-gray-600">avec l’adresse</span>
            <b>adora.pony@unicorn.xyz</b>
          </p>
        </div>
      </div>
    </div>
  </div>
  <hr class="bg-none" />
  <details>
    <summary>Commentaires</summary>
    <ul class="ml-4"></ul>
  </details>
  <hr class="bg-none" />
  <div
    hx-get="/moderations/42/duplicate_warning?organization_id=43&amp;user_id=44"
    hx-trigger="load"
  >
    Demande multiples ?
  </div>
</header>
"
`;
